
> frontend@0.0.0 build
> tsc -b && vite build --config vite.config.mjs --configLoader native

src/components/CinematicScene.tsx(3,30): error TS6133: 'useGLTF' is declared but its value is never read.
src/components/CinematicScene.tsx(127,23): error TS2322: Type '{ children: Element[]; disableNormalPass: true; multisampling: number; }' is not assignable to type 'IntrinsicAttributes & EffectComposerProps & RefAttributes<EffectComposer>'.
  Property 'disableNormalPass' does not exist on type 'IntrinsicAttributes & EffectComposerProps & RefAttributes<EffectComposer>'. Did you mean 'enableNormalPass'?
src/components/models/SearchRadar.tsx(56,47): error TS18047: 'radarGroup.current' is possibly 'null'.
